../Core/Src/main.c:111:5:main	8	static
../Core/Src/main.c:191:6:SystemClock_Config	88	static
../Core/Src/main.c:249:13:MX_ETH_Init	8	static
../Core/Src/main.c:298:13:MX_TIM3_Init	40	static
../Core/Src/main.c:343:13:MX_TIM4_Init	40	static
../Core/Src/main.c:388:13:MX_USART3_UART_Init	8	static
../Core/Src/main.c:423:13:MX_USB_OTG_FS_PCD_Init	8	static
../Core/Src/main.c:458:13:MX_GPIO_Init	56	static
../Core/Src/main.c:512:13:displayNumber	120	static
../Core/Src/main.c:523:13:displayOld_State	136	static
../Core/Src/main.c:532:13:displayNew_State	136	static
../Core/Src/main.c:546:6:Error_Handler	4	static,ignoring_inline_asm
