../Core/Src/main.c:89:5:main	136	static
../Core/Src/main.c:187:6:SystemClock_Config	88	static
../Core/Src/main.c:245:13:MX_TIM3_Init	40	static
../Core/Src/main.c:290:13:MX_TIM4_Init	40	static
../Core/Src/main.c:335:13:MX_USART3_UART_Init	8	static
../Core/Src/main.c:370:13:MX_USB_OTG_FS_PCD_Init	8	static
../Core/Src/main.c:405:13:MX_GPIO_Init	64	static
../Core/Src/main.c:617:13:displayNumber	120	static
../Core/Src/main.c:628:13:displayOld_State	136	static
../Core/Src/main.c:637:13:displayNew_State	136	static
../Core/Src/main.c:651:6:Error_Handler	4	static,ignoring_inline_asm
